// Jest Snapshot v1, https://goo.gl/fbAQLP

exports[`flattenObject flattenObject resolves nested heterogenous JavaScript objects 1`] = `
{
  "a": "string",
  "c": 13,
}
`;
