// Jest Snapshot v1, https://goo.gl/fbAQLP

exports[`containers/utils deserialize to parse a JSON string into a TypeScript object 1`] = `
{
  "count": 42,
  "result": true,
}
`;
