// Jest Snapshot v1, https://goo.gl/fbAQLP

exports[`Welcome testing snapshots match 1`] = `
Object {
  "foo": Object {
    "x": 1,
    "y": 2,
  },
}
`;
