// Jest Snapshot v1, https://goo.gl/fbAQLP

exports[`filetypes filetypes.findExtensionType locates supported filetype metadata 1`] = `
Object {
  "extensions": Array [
    "php",
    "phpt",
  ],
  "handler": "Editor",
  "name": "PHP",
}
`;
