// Jest Snapshot v1, https://goo.gl/fbAQLP

exports[`filetypeHandler findByExtension locates supported filetype handler 1`] = `
Object {
  "extensions": Array [
    "php",
    "phpt",
  ],
  "filetype": "PHP",
  "handler": "Editor",
}
`;
