// Jest Snapshot v1, https://goo.gl/fbAQLP

exports[`containers/format deserialize to parse a JSON string into a TypeScript object 1`] = `
Object {
  "count": 42,
  "result": true,
}
`;
